[ge.globo.com/futebol/futebol-internacional/noticia/2024/10/21/neymar-comemora-primeiro-jogo-apos-mais-de-um-ano-parado-estou-de-volta.html]
[cdn.ampproject.org/v0.js]
[s3.glbimg.com/v1/AUTH_acd8438fd650434baa93efc372c066a1/libs/lib-pub-relay/ge/prod/lib-pub-relay-ge-latest.js]
[backblue.gif]
[fade.gif]
[index.html]
[s2-ge.glbimg.com/YlGFO8NZLEFsint_pSyaN5TkLCY=/152x152/smart/filters_strip_icc()/i.s3.glbimg.com/v1/AUTH_bc8228b6673f488aa253bbcb03c80ec5/internal_photos/bs/2020/R/Y/ZTubz/fav-icon-96-x-96.6.dela]
[s2-ge.glbimg.com/TZM3NoY4TkmHQ2fNqnj6VhWbpoE=/128x128/smart/filters_strip_icc()/i.s3.glbimg.com/v1/AUTH_bc8228b6673f488aa253bbcb03c80ec5/internal_photos/bs/2020/R/Y/ZTubz/fav-icon-96-x-96.5.dela]
[cdn.ampproject.org/v0/amp-social-share-0.1.js]
[s2-ge.glbimg.com/OJZOBUppV6hQEkOeh_nD3tfAXIY=/32x32/smart/filters_strip_icc()/i.s3.glbimg.com/v1/AUTH_bc8228b6673f488aa253bbcb03c80ec5/internal_photos/bs/2020/R/Y/ZTubz4T/fav-icon-96-x-96.4.dela]
[s2-ge.glbimg.com/aQNfDG6c5fIXbyzlQheBBGC8KE8=/167x167/smart/filters_strip_icc()/i.s3.glbimg.com/v1/AUTH_bc8228b6673f488aa253bbcb03c80ec5/internal_photos/bs/2020/R/Y/ZTubz/fav-icon-96-x-96.7.dela]
[s2-ge.glbimg.com/4Lvjn5CnhaCSq965poi0c7BUS0g=/180x180/smart/filters_strip_icc()/i.s3.glbimg.com/v1/AUTH_bc8228b6673f488aa253bbcb03c80ec5/internal_photos/bs/2020/R/Y/ZTubz/fav-icon-96-x-96.8.dela]
[cdn.ampproject.org/v0/amp-timeago-0.1.js]
[s2-ge.glbimg.com/dWonkWDugCNbDDX_3kWm5IgILI8=/192x192/smart/filters_strip_icc()/i.s3.glbimg.com/v1/AUTH_bc8228b6673f488aa253bbcb03c80ec5/internal_photos/bs/2020/R/Y/ZTubz/fav-icon-96-x-96.9.dela]
[cdn.ampproject.org/v0/amp-fit-text-0.1.js]
[s2-ge.glbimg.com/CjTtpaYbVYHb4KM8xaSkz_zvhFA=/196x196/smart/filters_strip_icc()/i.s3.glbimg.com/v1/AUTH_bc8228b6673f488aa253bbcb03c80ec5/internal_photos/bs/2020/R/Y/ZTubz/fav-icon-96-x-96.a.dela]
[s2-ge.glbimg.com/jfAkBMDzG8J-J4wbahSh4y9Yms8=/57x57/smart/filters_strip_icc()/i.s3.glbimg.com/v1/AUTH_bc8228b6673f488aa253bbcb03c80ec5/internal_photos/bs/2020/R/Y/ZTubz4T/fav-icon-96-x-96.b.dela]
[cdn.ampproject.org/v0/amp-bind-0.1.js]
[s2-ge.glbimg.com/XGyvc381o8_KZ0VGLgAmJt5n9rI=/72x72/smart/filters_strip_icc()/i.s3.glbimg.com/v1/AUTH_bc8228b6673f488aa253bbcb03c80ec5/internal_photos/bs/2020/R/Y/ZTubz4T/fav-icon-96-x-96.c.dela]
[cdn.ampproject.org/v0/amp-lightbox-gallery-0.1.js]
[s2-ge.glbimg.com/qgJmHkeClUQ5VlXcUHkyBlHnusw=/114x114/smart/filters_strip_icc()/i.s3.glbimg.com/v1/AUTH_bc8228b6673f488aa253bbcb03c80ec5/internal_photos/bs/2020/R/Y/ZTubz/fav-icon-96-x-96.d.dela]
[cdn.ampproject.org/v0/amp-carousel-0.1.js]
[cdn.ampproject.org/v0/amp-video-0.1.js]
[s3.glbimg.com/v1/AUTH_cae15c1f760d418f9f8a1f3193d715cd/assets/script-streamAds.js]
[cdn.ampproject.org/v0/amp-twitter-0.1.js]
[cdn.ampproject.org/v0/amp-facebook-0.1.js]
[cdn.ampproject.org/v0/amp-instagram-0.1.js]
[cdn.ampproject.org/v0/amp-tiktok-0.1.js]
[s3.glbimg.com/v1/AUTH_f7d75b8ab8c8447292333ff06480419a/nav-cdn/client/2.2.2/fn-cdn-client.min.js]
[s.glbimg.com/es/sde/f/organizacoes/escudo_default_65x65.png]
[s3.glbimg.com/v1/AUTH_378ee63fe83141e69caddd838034e850/static/components/growth/logo_ge_pirulito.png]
[ge.globo.com/futebol/futebol-internacional/noticia/2024/10/21/neymar-comemora-primeiro-jogo-apos-mais-de-um-ano-parado-estou-de-volta93b4.html]
[s03.video.glbimg.com/x240/13031582_x240.jpg_; filename_=UTF-8''13031582_x240.jpg]
[ge.globo.com/futebol/futebol-internacional/noticia/2024/10/21/fifa-santos-medina-veja-reacoes-a-volta-de-neymar-aos-gramados.html]
[s2-ge.glbimg.com/wz6aqfoVlz1Q48aHyBNz0iFz780=/0x0_472x815/984x0/smart/filters_strip_icc()/i.s3.glbimg.com/v1/AUTH_bc8228b6673f488aa253bbcb03c80ec5/internal_photos/bs/2024/captura-de-tela-2024-10]
[ge.globo.com/futebol/futebol-internacional/noticia/2024/10/21/neymar-volta-aos-gramados-apos-mais-de-um-ano-parado-por-lesao.html]
[s2-ge.glbimg.com/l5jh-88THHZRxkYTLc7Ox2hfNLU=/0x0_1024x750/984x0/smart/filters_strip_icc()/i.s3.glbimg.com/v1/AUTH_bc8228b6673f488aa253bbcb03c80ec5/internal_photos/bs/202/gettyimages-2180062271]
[s02.video.glbimg.com/x240/13031517_x240.jpg_; filename_=UTF-8''13031517_x240.jpg]
[s01.video.glbimg.com/x240/12050464_x240.jpg_; filename_=UTF-8''12050464_x240.jpg]
[s3.glbimg.com/v1/AUTH_f7772c2cb2fd4af2bb8929c0ae6fdba7/dsframework/build/mr_346523/client/bastian-202410b67d985d96a3f4898c5187f7408c923b.js]
[s3.glbimg.com/v1/AUTH_c631e406debd4c4fac98a09d48dc17d1/bastian-post/prod/ge/fa435d13-a360-44bc-8c1f-390fe052ca25/54098847-bd40-4e08-baea-11cc2cd2ddf6.css]
[s3.glbimg.com/v1/AUTH_c631e406debd4c4fac98a09d48dc17d1/bastian-post/prod/ge/fa435d13-a360-44bc-8c1f-390fe052ca25/54098847-bd40-4e08-baea-11cc2cd2ddf6.js]
[p.glbimg.com/api/stable/api.min.js]
[novabarra.globo.com/webcomponent/index-1.4.3.js]
[s3.glbimg.com/v1/AUTH_89c6d9f49eec4e768bc6ccddcb31a34b/lgpd-lib/lgpd-lib.min.css]
[s3.glbimg.com/v1/AUTH_89c6d9f49eec4e768bc6ccddcb31a34b/lgpd-lib/lgpd-lib.min.js]
[ge.globo.com/futebol/futebol-internacional/noticia/2024/10/21/ABCDEFGHIJKLMNOPQRSTUVWXYZabcdefghijklmnopqrstuvwxyz0123456789+/index.html]
[ge.globo.com/futebol/futebol-internacional/noticia/2024/10/21/POST/index.html]
[s3.glbimg.com/v1/AUTH_ba8e460c944543468c3c80cb9675751f/web-components/bs-player/1.7.1/bs-player.bundle.min.js]
[s3.glbimg.com/cdn/libs/jquery/1.8.3/jquery.min.js]
[ge.globo.com/futebol/futebol-internacional/noticia/2024/10/21/;path=/index.html]
[s3.glbimg.com/v1/AUTH_ba8e460c944543468c3c80cb9675751f/integracoes/chartbeat/chartbeat.min.json]
[s3.glbimg.com/v1/AUTH_0941ae8e3ba749dabc67f311ab4545a5/cdn/growthjs/0.15.0/growth.min.js]
[s3.glbimg.com/cdn/libs/clappr-plugins/video-recommendation/v2.4.0/video-recommendation-plugin.js]
[s3.glbimg.com/v1/AUTH_05f06ca986b54d6e9c5df94927ccf7fc/libs/clappr-plugins/viewport-play/v1.1.2/viewport-play-plugin.js]
[ge.globo.com/futebol/futebol-internacional/noticia/2024/10/21/neymar-comemora-primeiro-jogo-apos-mais-de-um-ano-parado-estou-de-volta.html]
[www.googletagmanager.com/gtm5445.html]
[ge.globo.com/futebol/futebol-internacional/noticia/2024/10/21/ge.globo.com/busca]
[ge.globo.com/futebol/futebol-internacional/noticia/2024/10/21/neymar-comemora-primeiro-jogo-apos-mais-de-um-ano-parado-estou-de-volta93b4.html]
[s3.glbimg.com/v1/AUTH_b002e0039b9f46a5a4a94ff667d31e2d/assets/dist/1fd66d5ee14288486c24ed67a7b9a79f.js]
[ge.globo.com/futebol/futebol-internacional/noticia/2024/10/21/fifa-santos-medina-veja-reacoes-a-volta-de-neymar-aos-gramados93b4.html]
[s01.video.glbimg.com/x240/13031512_x240.jpg_; filename_=UTF-8''13031512_x240.jpg]
[ge.globo.com/futebol/futebol-internacional/noticia/2024/10/21/fifa-santos-medina-veja-reacoes-a-volta-de-neymar-aos-gramados.html]
[s2-ge.glbimg.com/78nXJOg67NnhJouESb_qT1hjaeE=/0x0_492x788/984x0/smart/filters_strip_icc()/i.s3.glbimg.com/v1/AUTH_bc8228b6673f488aa253bbcb03c80ec5/internal_photos/bs/2024/captura-de-tela-2024-10]
[s2-ge.glbimg.com/nCi693d6957ZhiYUTD--Bdin4EQ=/0x0_5138x3425/984x0/smart/filters_strip_icc()/i.s3.glbimg.com/v1/AUTH_bc8228b6673f488aa253bbcb03c80ec5/internal_photos/bs/20/2024-10-21t171122z-2021]
[s2-ge.glbimg.com/jHKflj3D16fu1d9wlnLk8M7E3Qg=/0x0_502x798/984x0/smart/filters_strip_icc()/i.s3.glbimg.com/v1/AUTH_bc8228b6673f488aa253bbcb03c80ec5/internal_photos/bs/2024/captura-de-tela-2024-10]
[s2-ge.glbimg.com/P6nKAF0x7W8AHpwDEOyMm3C34jQ=/0x0_3500x2333/984x0/smart/filters_strip_icc()/i.s3.glbimg.com/v1/AUTH_bc8228b6673f488aa253bbcb03c80ec5/internal_photos/bs/2024/000-36kk3ap.3e.delaye]
[ge.globo.com/futebol/futebol-internacional/noticia/2024/10/21/neymar-volta-aos-gramados-apos-mais-de-um-ano-parado-por-lesao93b4.html]
[s2-ge.glbimg.com/R3Zk1jIsUwxeIVFz2Yk9dx9bSdw=/0x0_4651x3405/984x0/smart/filters_strip_icc()/i.s3.glbimg.com/v1/AUTH_bc8228b6673f488aa253bbcb03c80ec5/internal_photos/bs/20/gettyimages-2180062271]
[ge.globo.com/futebol/futebol-internacional/noticia/2024/10/21/neymar-volta-aos-gramados-apos-mais-de-um-ano-parado-por-lesao.html]
[s3.glbimg.com/v1/AUTH_c5dfc0eef7ee40d68bdd0993be881440/coral-custom-style/style.css]
[ge.globo.com/futebol/futebol-internacional/noticia/2024/10/21/quantos-jogos-neymar-pode-disputar-ate-a-proxima-convocacao-da-selecao-veja.html]
[s3.glbimg.com/v1/AUTH_c631e406debd4c4fac98a09d48dc17d1/bastian-post/prod/ge/fa435d13-a360-44bc-8c1f-390fe052ca25/img/post-lib-media/video_icon.svg]
[s3.glbimg.com/v1/AUTH_c631e406debd4c4fac98a09d48dc17d1/bastian-post/prod/ge/fa435d13-a360-44bc-8c1f-390fe052ca25/54098847-bd40-4e08-baea-11cc2cd2ddf6.css]
[s3.glbimg.com/v1/AUTH_89c6d9f49eec4e768bc6ccddcb31a34b/lgpd-lib/lgpd-lib.min.css]
[ge.globo.com/futebol/futebol-internacional/noticia/2024/10/21/ABCDEFGHIJKLMNOPQRSTUVWXYZabcdefghijklmnopqrstuvwxyz0123456789+/index.html]
[ge.globo.com/futebol/futebol-internacional/noticia/2024/10/21/POST/index.html]
[s3.glbimg.com/v1/AUTH_b922f1376f6c452e9bb337cc7d996a6e/codex/foundation/typefaces/version/6408cb8fc43ff49841e181db/globotipo-variable.css]
[ge.globo.com/futebol/futebol-internacional/noticia/2024/10/21/;path=/index.html]
[s3.glbimg.com/v1/AUTH_ba8e460c944543468c3c80cb9675751f/web-components/bs-player/1.7.1/bs-player.bundle.min.js]
[ge.globo.com/futebol/futebol-internacional/noticia/2024/10/21/e.path[0]]
[ge.globo.com/futebol/futebol-internacional/noticia/2024/10/21/fifa-santos-medina-veja-reacoes-a-volta-de-neymar-aos-gramados93b4.html]
[ge.globo.com/futebol/futebol-internacional/noticia/2024/10/21/neymar-volta-aos-gramados-apos-mais-de-um-ano-parado-por-lesao93b4.html]
[ge.globo.com/futebol/futebol-internacional/noticia/2024/10/21/quantos-jogos-neymar-pode-disputar-ate-a-proxima-convocacao-da-selecao-veja.html]
[s3.glbimg.com/v1/AUTH_c631e406debd4c4fac98a09d48dc17d1/bastian-post/prod/ge/fa435d13-a360-44bc-8c1f-390fe052ca25/img/post-lib-media/playlist_icon.svg]
[s3.glbimg.com/v1/AUTH_c631e406debd4c4fac98a09d48dc17d1/bastian-post/prod/ge/fa435d13-a360-44bc-8c1f-390fe052ca25/img/post-lib-media/video_icon.svg]
[s3.glbimg.com/v1/AUTH_c631e406debd4c4fac98a09d48dc17d1/bastian-post/prod/ge/fa435d13-a360-44bc-8c1f-390fe052ca25/img/post-lib-media/image-gallery_icon.svg]
[ge.globo.com/futebol/futebol-internacional/noticia/2024/10/21/quantos-jogos-neymar-pode-disputar-ate-a-proxima-convocacao-da-selecao-veja93b4.html]
[ge.globo.com/futebol/futebol-internacional/noticia/2024/10/21/quantos-jogos-neymar-pode-disputar-ate-a-proxima-convocacao-da-selecao-veja93b4.html]
[s2-ge.glbimg.com/8IaurOhv1hRytKst_LQF-4nUSTQ=/0x0_1441x964/984x0/smart/filters_strip_icc()/i.s3.glbimg.com/v1/AUTH_bc8228b6673f488aa253bbcb03c80ec5/internal_photos/bs/202/agif23101021490143.46.d]
